// Jest Snapshot v1, https://goo.gl/fbAQLP

exports[`should render ExpenseListFilters correctly 1`] = `
<div
  className="content-container"
>
  <div
    className="input-group"
  >
    <div
      className="input-group__item"
    >
      <input
        className="text-input"
        onChange={[Function]}
        placeholder="Search expenses"
        type="text"
        value=""
      />
    </div>
    <div
      className="input-group__item"
    >
      <select
        className="select"
        onChange={[Function]}
        value="date"
      >
        <option
          value="date"
        >
          Date
        </option>
        <option
          value="amount"
        >
          Amount
        </option>
      </select>
    </div>
    <div
      className="input-group__item"
    >
      <withStyles(DateRangePicker)
        anchorDirection="left"
        appendToBody={false}
        block={false}
        calendarInfoPosition="bottom"
        customArrowIcon={null}
        customCloseIcon={null}
        customInputIcon={null}
        daySize={39}
        disableScroll={false}
        disabled={false}
        displayFormat={[Function]}
        enableOutsideDays={false}
        endDate={null}
        endDateId="end"
        endDatePlaceholderText="End Date"
        firstDayOfWeek={null}
        focusedInput={null}
        hideKeyboardShortcutsPanel={false}
        horizontalMargin={0}
        initialVisibleMonth={null}
        inputIconPosition="before"
        isDayBlocked={[Function]}
        isDayHighlighted={[Function]}
        isOutsideRange={[Function]}
        isRTL={false}
        keepFocusOnInput={false}
        keepOpenOnDateSelect={false}
        minimumNights={1}
        monthFormat="MMMM YYYY"
        navNext={null}
        navPrev={null}
        noBorder={false}
        numberOfMonths={1}
        onClose={[Function]}
        onDatesChange={[Function]}
        onFocusChange={[Function]}
        onNextMonthClick={[Function]}
        onPrevMonthClick={[Function]}
        openDirection="down"
        orientation="horizontal"
        phrases={
          Object {
            "calendarLabel": "Calendar",
            "chooseAvailableEndDate": [Function],
            "chooseAvailableStartDate": [Function],
            "clearDates": "Clear Dates",
            "closeDatePicker": "Close",
            "dateIsSelected": [Function],
            "dateIsUnavailable": [Function],
            "enterKey": "Enter key",
            "escape": "Escape key",
            "focusStartDate": "Interact with the calendar and add the check-in date for your trip.",
            "hideKeyboardShortcutsPanel": "Close the shortcuts panel.",
            "homeEnd": "Home and end keys",
            "jumpToNextMonth": "Move forward to switch to the next month.",
            "jumpToPrevMonth": "Move backward to switch to the previous month.",
            "keyboardNavigationInstructions": "Press the down arrow key to interact with the calendar and
            select a date. Press the question mark key to get the keyboard shortcuts for changing dates.",
            "keyboardShortcuts": "Keyboard Shortcuts",
            "leftArrowRightArrow": "Right and left arrow keys",
            "moveFocusByOneDay": "Move backward (left) and forward (right) by one day.",
            "moveFocusByOneMonth": "Switch months.",
            "moveFocusByOneWeek": "Move backward (up) and forward (down) by one week.",
            "moveFocustoStartAndEndOfWeek": "Go to the first or last day of a week.",
            "openThisPanel": "Open this panel.",
            "pageUpPageDown": "page up and page down keys",
            "questionMark": "Question mark",
            "returnFocusToInput": "Return to the date input field.",
            "selectFocusedDate": "Select the date in focus.",
            "showKeyboardShortcutsPanel": "Open the keyboard shortcuts panel.",
            "upArrowDownArrow": "up and down arrow keys",
          }
        }
        readOnly={false}
        regular={false}
        renderCalendarInfo={null}
        renderDayContents={null}
        renderMonthElement={null}
        renderMonthText={null}
        reopenPickerOnClearDates={false}
        required={false}
        screenReaderInputMessage=""
        showClearDates={true}
        showDefaultInputIcon={false}
        small={false}
        startDate={null}
        startDateId="start"
        startDatePlaceholderText="Start Date"
        verticalHeight={null}
        verticalSpacing={22}
        weekDayFormat="dd"
        withFullScreenPortal={false}
        withPortal={false}
      />
    </div>
  </div>
</div>
`;

exports[`should render ExpenseListFilters with alt data correctly 1`] = `
<div
  className="content-container"
>
  <div
    className="input-group"
  >
    <div
      className="input-group__item"
    >
      <input
        className="text-input"
        onChange={[Function]}
        placeholder="Search expenses"
        type="text"
        value="bills"
      />
    </div>
    <div
      className="input-group__item"
    >
      <select
        className="select"
        onChange={[Function]}
        value="amount"
      >
        <option
          value="date"
        >
          Date
        </option>
        <option
          value="amount"
        >
          Amount
        </option>
      </select>
    </div>
    <div
      className="input-group__item"
    >
      <withStyles(DateRangePicker)
        anchorDirection="left"
        appendToBody={false}
        block={false}
        calendarInfoPosition="bottom"
        customArrowIcon={null}
        customCloseIcon={null}
        customInputIcon={null}
        daySize={39}
        disableScroll={false}
        disabled={false}
        displayFormat={[Function]}
        enableOutsideDays={false}
        endDate={"1970-01-04T00:00:00.000Z"}
        endDateId="end"
        endDatePlaceholderText="End Date"
        firstDayOfWeek={null}
        focusedInput={null}
        hideKeyboardShortcutsPanel={false}
        horizontalMargin={0}
        initialVisibleMonth={null}
        inputIconPosition="before"
        isDayBlocked={[Function]}
        isDayHighlighted={[Function]}
        isOutsideRange={[Function]}
        isRTL={false}
        keepFocusOnInput={false}
        keepOpenOnDateSelect={false}
        minimumNights={1}
        monthFormat="MMMM YYYY"
        navNext={null}
        navPrev={null}
        noBorder={false}
        numberOfMonths={1}
        onClose={[Function]}
        onDatesChange={[Function]}
        onFocusChange={[Function]}
        onNextMonthClick={[Function]}
        onPrevMonthClick={[Function]}
        openDirection="down"
        orientation="horizontal"
        phrases={
          Object {
            "calendarLabel": "Calendar",
            "chooseAvailableEndDate": [Function],
            "chooseAvailableStartDate": [Function],
            "clearDates": "Clear Dates",
            "closeDatePicker": "Close",
            "dateIsSelected": [Function],
            "dateIsUnavailable": [Function],
            "enterKey": "Enter key",
            "escape": "Escape key",
            "focusStartDate": "Interact with the calendar and add the check-in date for your trip.",
            "hideKeyboardShortcutsPanel": "Close the shortcuts panel.",
            "homeEnd": "Home and end keys",
            "jumpToNextMonth": "Move forward to switch to the next month.",
            "jumpToPrevMonth": "Move backward to switch to the previous month.",
            "keyboardNavigationInstructions": "Press the down arrow key to interact with the calendar and
            select a date. Press the question mark key to get the keyboard shortcuts for changing dates.",
            "keyboardShortcuts": "Keyboard Shortcuts",
            "leftArrowRightArrow": "Right and left arrow keys",
            "moveFocusByOneDay": "Move backward (left) and forward (right) by one day.",
            "moveFocusByOneMonth": "Switch months.",
            "moveFocusByOneWeek": "Move backward (up) and forward (down) by one week.",
            "moveFocustoStartAndEndOfWeek": "Go to the first or last day of a week.",
            "openThisPanel": "Open this panel.",
            "pageUpPageDown": "page up and page down keys",
            "questionMark": "Question mark",
            "returnFocusToInput": "Return to the date input field.",
            "selectFocusedDate": "Select the date in focus.",
            "showKeyboardShortcutsPanel": "Open the keyboard shortcuts panel.",
            "upArrowDownArrow": "up and down arrow keys",
          }
        }
        readOnly={false}
        regular={false}
        renderCalendarInfo={null}
        renderDayContents={null}
        renderMonthElement={null}
        renderMonthText={null}
        reopenPickerOnClearDates={false}
        required={false}
        screenReaderInputMessage=""
        showClearDates={true}
        showDefaultInputIcon={false}
        small={false}
        startDate={"1970-01-01T00:00:00.000Z"}
        startDateId="start"
        startDatePlaceholderText="Start Date"
        verticalHeight={null}
        verticalSpacing={22}
        weekDayFormat="dd"
        withFullScreenPortal={false}
        withPortal={false}
      />
    </div>
  </div>
</div>
`;
