// Jest Snapshot v1, https://goo.gl/fbAQLP

exports[`should render ExpenseForm correctly 1`] = `
<div>
  <withRouter(NavigationPrompt)
    when={false}
  />
  <form
    onSubmit={[Function]}
  >
    <input
      autoFocus={true}
      maxLength="10"
      onChange={[Function]}
      placeholder="Description"
      type="text"
      value=""
    />
    <input
      maxLength="10"
      onChange={[Function]}
      placeholder="Amount"
      type="text"
      value=""
    />
    <withStyles(SingleDatePicker)
      anchorDirection="left"
      appendToBody={false}
      block={false}
      calendarInfoPosition="bottom"
      customCloseIcon={null}
      customInputIcon={null}
      date={"1970-01-01T00:00:00.000Z"}
      daySize={39}
      disableScroll={false}
      disabled={false}
      displayFormat={[Function]}
      enableOutsideDays={false}
      firstDayOfWeek={null}
      focused={false}
      hideKeyboardShortcutsPanel={false}
      horizontalMargin={0}
      horizontalMonthPadding={13}
      id="date"
      initialVisibleMonth={null}
      inputIconPosition="before"
      isDayBlocked={[Function]}
      isDayHighlighted={[Function]}
      isOutsideRange={[Function]}
      isRTL={false}
      keepFocusOnInput={false}
      keepOpenOnDateSelect={false}
      monthFormat="MMMM YYYY"
      navNext={null}
      navPrev={null}
      noBorder={false}
      numberOfMonths={1}
      onClose={[Function]}
      onDateChange={[Function]}
      onFocusChange={[Function]}
      onNextMonthClick={[Function]}
      onPrevMonthClick={[Function]}
      openDirection="down"
      orientation="horizontal"
      phrases={
        Object {
          "calendarLabel": "Calendar",
          "chooseAvailableDate": [Function],
          "clearDate": "Clear Date",
          "closeDatePicker": "Close",
          "dateIsSelected": [Function],
          "dateIsUnavailable": [Function],
          "enterKey": "Enter key",
          "escape": "Escape key",
          "hideKeyboardShortcutsPanel": "Close the shortcuts panel.",
          "homeEnd": "Home and end keys",
          "jumpToNextMonth": "Move forward to switch to the next month.",
          "jumpToPrevMonth": "Move backward to switch to the previous month.",
          "keyboardNavigationInstructions": "Press the down arrow key to interact with the calendar and
          select a date. Press the question mark key to get the keyboard shortcuts for changing dates.",
          "keyboardShortcuts": "Keyboard Shortcuts",
          "leftArrowRightArrow": "Right and left arrow keys",
          "moveFocusByOneDay": "Move backward (left) and forward (right) by one day.",
          "moveFocusByOneMonth": "Switch months.",
          "moveFocusByOneWeek": "Move backward (up) and forward (down) by one week.",
          "moveFocustoStartAndEndOfWeek": "Go to the first or last day of a week.",
          "openThisPanel": "Open this panel.",
          "pageUpPageDown": "page up and page down keys",
          "questionMark": "Question mark",
          "returnFocusToInput": "Return to the date input field.",
          "selectFocusedDate": "Select the date in focus.",
          "showKeyboardShortcutsPanel": "Open the keyboard shortcuts panel.",
          "upArrowDownArrow": "up and down arrow keys",
        }
      }
      placeholder="Date"
      readOnly={false}
      regular={false}
      renderCalendarInfo={null}
      renderDayContents={null}
      renderMonthElement={null}
      renderMonthText={null}
      reopenPickerOnClearDate={false}
      required={false}
      screenReaderInputMessage=""
      showClearDate={false}
      showDefaultInputIcon={false}
      small={false}
      verticalHeight={null}
      verticalSpacing={22}
      weekDayFormat="dd"
      withFullScreenPortal={false}
      withPortal={false}
    />
    <textarea
      maxLength="10"
      onChange={[Function]}
      placeholder="Add a note for your expense (optional)"
      value=""
    />
    <button>
      Add Expense
    </button>
  </form>
</div>
`;

exports[`should render ExpenseForm with a pre-loaded expense correctly 1`] = `
<div>
  <withRouter(NavigationPrompt)
    when={false}
  />
  <form
    onSubmit={[Function]}
  >
    <input
      autoFocus={true}
      maxLength="10"
      onChange={[Function]}
      placeholder="Description"
      type="text"
      value="Rent"
    />
    <input
      maxLength="10"
      onChange={[Function]}
      placeholder="Amount"
      type="text"
      value="12.34"
    />
    <withStyles(SingleDatePicker)
      anchorDirection="left"
      appendToBody={false}
      block={false}
      calendarInfoPosition="bottom"
      customCloseIcon={null}
      customInputIcon={null}
      date={"1969-12-28T00:00:00.000Z"}
      daySize={39}
      disableScroll={false}
      disabled={false}
      displayFormat={[Function]}
      enableOutsideDays={false}
      firstDayOfWeek={null}
      focused={false}
      hideKeyboardShortcutsPanel={false}
      horizontalMargin={0}
      horizontalMonthPadding={13}
      id="date"
      initialVisibleMonth={null}
      inputIconPosition="before"
      isDayBlocked={[Function]}
      isDayHighlighted={[Function]}
      isOutsideRange={[Function]}
      isRTL={false}
      keepFocusOnInput={false}
      keepOpenOnDateSelect={false}
      monthFormat="MMMM YYYY"
      navNext={null}
      navPrev={null}
      noBorder={false}
      numberOfMonths={1}
      onClose={[Function]}
      onDateChange={[Function]}
      onFocusChange={[Function]}
      onNextMonthClick={[Function]}
      onPrevMonthClick={[Function]}
      openDirection="down"
      orientation="horizontal"
      phrases={
        Object {
          "calendarLabel": "Calendar",
          "chooseAvailableDate": [Function],
          "clearDate": "Clear Date",
          "closeDatePicker": "Close",
          "dateIsSelected": [Function],
          "dateIsUnavailable": [Function],
          "enterKey": "Enter key",
          "escape": "Escape key",
          "hideKeyboardShortcutsPanel": "Close the shortcuts panel.",
          "homeEnd": "Home and end keys",
          "jumpToNextMonth": "Move forward to switch to the next month.",
          "jumpToPrevMonth": "Move backward to switch to the previous month.",
          "keyboardNavigationInstructions": "Press the down arrow key to interact with the calendar and
          select a date. Press the question mark key to get the keyboard shortcuts for changing dates.",
          "keyboardShortcuts": "Keyboard Shortcuts",
          "leftArrowRightArrow": "Right and left arrow keys",
          "moveFocusByOneDay": "Move backward (left) and forward (right) by one day.",
          "moveFocusByOneMonth": "Switch months.",
          "moveFocusByOneWeek": "Move backward (up) and forward (down) by one week.",
          "moveFocustoStartAndEndOfWeek": "Go to the first or last day of a week.",
          "openThisPanel": "Open this panel.",
          "pageUpPageDown": "page up and page down keys",
          "questionMark": "Question mark",
          "returnFocusToInput": "Return to the date input field.",
          "selectFocusedDate": "Select the date in focus.",
          "showKeyboardShortcutsPanel": "Open the keyboard shortcuts panel.",
          "upArrowDownArrow": "up and down arrow keys",
        }
      }
      placeholder="Date"
      readOnly={false}
      regular={false}
      renderCalendarInfo={null}
      renderDayContents={null}
      renderMonthElement={null}
      renderMonthText={null}
      reopenPickerOnClearDate={false}
      required={false}
      screenReaderInputMessage=""
      showClearDate={false}
      showDefaultInputIcon={false}
      small={false}
      verticalHeight={null}
      verticalSpacing={22}
      weekDayFormat="dd"
      withFullScreenPortal={false}
      withPortal={false}
    />
    <textarea
      maxLength="10"
      onChange={[Function]}
      placeholder="Add a note for your expense (optional)"
      value=""
    />
    <button>
      Edit Expense
    </button>
  </form>
</div>
`;

exports[`should render error for invalid form submission 1`] = `
<div>
  <withRouter(NavigationPrompt)
    when={false}
  />
  <form
    onSubmit={[Function]}
  >
    <input
      autoFocus={true}
      maxLength="10"
      onChange={[Function]}
      placeholder="Description"
      type="text"
      value=""
    />
    <input
      maxLength="10"
      onChange={[Function]}
      placeholder="Amount"
      type="text"
      value=""
    />
    <withStyles(SingleDatePicker)
      anchorDirection="left"
      appendToBody={false}
      block={false}
      calendarInfoPosition="bottom"
      customCloseIcon={null}
      customInputIcon={null}
      date={"1970-01-01T00:00:00.000Z"}
      daySize={39}
      disableScroll={false}
      disabled={false}
      displayFormat={[Function]}
      enableOutsideDays={false}
      firstDayOfWeek={null}
      focused={false}
      hideKeyboardShortcutsPanel={false}
      horizontalMargin={0}
      horizontalMonthPadding={13}
      id="date"
      initialVisibleMonth={null}
      inputIconPosition="before"
      isDayBlocked={[Function]}
      isDayHighlighted={[Function]}
      isOutsideRange={[Function]}
      isRTL={false}
      keepFocusOnInput={false}
      keepOpenOnDateSelect={false}
      monthFormat="MMMM YYYY"
      navNext={null}
      navPrev={null}
      noBorder={false}
      numberOfMonths={1}
      onClose={[Function]}
      onDateChange={[Function]}
      onFocusChange={[Function]}
      onNextMonthClick={[Function]}
      onPrevMonthClick={[Function]}
      openDirection="down"
      orientation="horizontal"
      phrases={
        Object {
          "calendarLabel": "Calendar",
          "chooseAvailableDate": [Function],
          "clearDate": "Clear Date",
          "closeDatePicker": "Close",
          "dateIsSelected": [Function],
          "dateIsUnavailable": [Function],
          "enterKey": "Enter key",
          "escape": "Escape key",
          "hideKeyboardShortcutsPanel": "Close the shortcuts panel.",
          "homeEnd": "Home and end keys",
          "jumpToNextMonth": "Move forward to switch to the next month.",
          "jumpToPrevMonth": "Move backward to switch to the previous month.",
          "keyboardNavigationInstructions": "Press the down arrow key to interact with the calendar and
          select a date. Press the question mark key to get the keyboard shortcuts for changing dates.",
          "keyboardShortcuts": "Keyboard Shortcuts",
          "leftArrowRightArrow": "Right and left arrow keys",
          "moveFocusByOneDay": "Move backward (left) and forward (right) by one day.",
          "moveFocusByOneMonth": "Switch months.",
          "moveFocusByOneWeek": "Move backward (up) and forward (down) by one week.",
          "moveFocustoStartAndEndOfWeek": "Go to the first or last day of a week.",
          "openThisPanel": "Open this panel.",
          "pageUpPageDown": "page up and page down keys",
          "questionMark": "Question mark",
          "returnFocusToInput": "Return to the date input field.",
          "selectFocusedDate": "Select the date in focus.",
          "showKeyboardShortcutsPanel": "Open the keyboard shortcuts panel.",
          "upArrowDownArrow": "up and down arrow keys",
        }
      }
      placeholder="Date"
      readOnly={false}
      regular={false}
      renderCalendarInfo={null}
      renderDayContents={null}
      renderMonthElement={null}
      renderMonthText={null}
      reopenPickerOnClearDate={false}
      required={false}
      screenReaderInputMessage=""
      showClearDate={false}
      showDefaultInputIcon={false}
      small={false}
      verticalHeight={null}
      verticalSpacing={22}
      weekDayFormat="dd"
      withFullScreenPortal={false}
      withPortal={false}
    />
    <textarea
      maxLength="10"
      onChange={[Function]}
      placeholder="Add a note for your expense (optional)"
      value=""
    />
    <button>
      Add Expense
    </button>
  </form>
</div>
`;

exports[`should render error for invalid form submission 2`] = `
<div>
  <withRouter(NavigationPrompt)
    when={false}
  />
  <p>
    Please provide a description and an amount value.
  </p>
  <form
    onSubmit={[Function]}
  >
    <input
      autoFocus={true}
      maxLength="10"
      onChange={[Function]}
      placeholder="Description"
      type="text"
      value=""
    />
    <input
      maxLength="10"
      onChange={[Function]}
      placeholder="Amount"
      type="text"
      value=""
    />
    <withStyles(SingleDatePicker)
      anchorDirection="left"
      appendToBody={false}
      block={false}
      calendarInfoPosition="bottom"
      customCloseIcon={null}
      customInputIcon={null}
      date={"1970-01-01T00:00:00.000Z"}
      daySize={39}
      disableScroll={false}
      disabled={false}
      displayFormat={[Function]}
      enableOutsideDays={false}
      firstDayOfWeek={null}
      focused={false}
      hideKeyboardShortcutsPanel={false}
      horizontalMargin={0}
      horizontalMonthPadding={13}
      id="date"
      initialVisibleMonth={null}
      inputIconPosition="before"
      isDayBlocked={[Function]}
      isDayHighlighted={[Function]}
      isOutsideRange={[Function]}
      isRTL={false}
      keepFocusOnInput={false}
      keepOpenOnDateSelect={false}
      monthFormat="MMMM YYYY"
      navNext={null}
      navPrev={null}
      noBorder={false}
      numberOfMonths={1}
      onClose={[Function]}
      onDateChange={[Function]}
      onFocusChange={[Function]}
      onNextMonthClick={[Function]}
      onPrevMonthClick={[Function]}
      openDirection="down"
      orientation="horizontal"
      phrases={
        Object {
          "calendarLabel": "Calendar",
          "chooseAvailableDate": [Function],
          "clearDate": "Clear Date",
          "closeDatePicker": "Close",
          "dateIsSelected": [Function],
          "dateIsUnavailable": [Function],
          "enterKey": "Enter key",
          "escape": "Escape key",
          "hideKeyboardShortcutsPanel": "Close the shortcuts panel.",
          "homeEnd": "Home and end keys",
          "jumpToNextMonth": "Move forward to switch to the next month.",
          "jumpToPrevMonth": "Move backward to switch to the previous month.",
          "keyboardNavigationInstructions": "Press the down arrow key to interact with the calendar and
          select a date. Press the question mark key to get the keyboard shortcuts for changing dates.",
          "keyboardShortcuts": "Keyboard Shortcuts",
          "leftArrowRightArrow": "Right and left arrow keys",
          "moveFocusByOneDay": "Move backward (left) and forward (right) by one day.",
          "moveFocusByOneMonth": "Switch months.",
          "moveFocusByOneWeek": "Move backward (up) and forward (down) by one week.",
          "moveFocustoStartAndEndOfWeek": "Go to the first or last day of a week.",
          "openThisPanel": "Open this panel.",
          "pageUpPageDown": "page up and page down keys",
          "questionMark": "Question mark",
          "returnFocusToInput": "Return to the date input field.",
          "selectFocusedDate": "Select the date in focus.",
          "showKeyboardShortcutsPanel": "Open the keyboard shortcuts panel.",
          "upArrowDownArrow": "up and down arrow keys",
        }
      }
      placeholder="Date"
      readOnly={false}
      regular={false}
      renderCalendarInfo={null}
      renderDayContents={null}
      renderMonthElement={null}
      renderMonthText={null}
      reopenPickerOnClearDate={false}
      required={false}
      screenReaderInputMessage=""
      showClearDate={false}
      showDefaultInputIcon={false}
      small={false}
      verticalHeight={null}
      verticalSpacing={22}
      weekDayFormat="dd"
      withFullScreenPortal={false}
      withPortal={false}
    />
    <textarea
      maxLength="10"
      onChange={[Function]}
      placeholder="Add a note for your expense (optional)"
      value=""
    />
    <button>
      Add Expense
    </button>
  </form>
</div>
`;

exports[`should set the note field on input change 1`] = `
<div>
  <withRouter(NavigationPrompt)
    when={true}
  />
  <form
    onSubmit={[Function]}
  >
    <input
      autoFocus={true}
      maxLength="10"
      onChange={[Function]}
      placeholder="Description"
      type="text"
      value=""
    />
    <input
      maxLength="10"
      onChange={[Function]}
      placeholder="Amount"
      type="text"
      value=""
    />
    <withStyles(SingleDatePicker)
      anchorDirection="left"
      appendToBody={false}
      block={false}
      calendarInfoPosition="bottom"
      customCloseIcon={null}
      customInputIcon={null}
      date={"1970-01-01T00:00:00.000Z"}
      daySize={39}
      disableScroll={false}
      disabled={false}
      displayFormat={[Function]}
      enableOutsideDays={false}
      firstDayOfWeek={null}
      focused={false}
      hideKeyboardShortcutsPanel={false}
      horizontalMargin={0}
      horizontalMonthPadding={13}
      id="date"
      initialVisibleMonth={null}
      inputIconPosition="before"
      isDayBlocked={[Function]}
      isDayHighlighted={[Function]}
      isOutsideRange={[Function]}
      isRTL={false}
      keepFocusOnInput={false}
      keepOpenOnDateSelect={false}
      monthFormat="MMMM YYYY"
      navNext={null}
      navPrev={null}
      noBorder={false}
      numberOfMonths={1}
      onClose={[Function]}
      onDateChange={[Function]}
      onFocusChange={[Function]}
      onNextMonthClick={[Function]}
      onPrevMonthClick={[Function]}
      openDirection="down"
      orientation="horizontal"
      phrases={
        Object {
          "calendarLabel": "Calendar",
          "chooseAvailableDate": [Function],
          "clearDate": "Clear Date",
          "closeDatePicker": "Close",
          "dateIsSelected": [Function],
          "dateIsUnavailable": [Function],
          "enterKey": "Enter key",
          "escape": "Escape key",
          "hideKeyboardShortcutsPanel": "Close the shortcuts panel.",
          "homeEnd": "Home and end keys",
          "jumpToNextMonth": "Move forward to switch to the next month.",
          "jumpToPrevMonth": "Move backward to switch to the previous month.",
          "keyboardNavigationInstructions": "Press the down arrow key to interact with the calendar and
          select a date. Press the question mark key to get the keyboard shortcuts for changing dates.",
          "keyboardShortcuts": "Keyboard Shortcuts",
          "leftArrowRightArrow": "Right and left arrow keys",
          "moveFocusByOneDay": "Move backward (left) and forward (right) by one day.",
          "moveFocusByOneMonth": "Switch months.",
          "moveFocusByOneWeek": "Move backward (up) and forward (down) by one week.",
          "moveFocustoStartAndEndOfWeek": "Go to the first or last day of a week.",
          "openThisPanel": "Open this panel.",
          "pageUpPageDown": "page up and page down keys",
          "questionMark": "Question mark",
          "returnFocusToInput": "Return to the date input field.",
          "selectFocusedDate": "Select the date in focus.",
          "showKeyboardShortcutsPanel": "Open the keyboard shortcuts panel.",
          "upArrowDownArrow": "up and down arrow keys",
        }
      }
      placeholder="Date"
      readOnly={false}
      regular={false}
      renderCalendarInfo={null}
      renderDayContents={null}
      renderMonthElement={null}
      renderMonthText={null}
      reopenPickerOnClearDate={false}
      required={false}
      screenReaderInputMessage=""
      showClearDate={false}
      showDefaultInputIcon={false}
      small={false}
      verticalHeight={null}
      verticalSpacing={22}
      weekDayFormat="dd"
      withFullScreenPortal={false}
      withPortal={false}
    />
    <textarea
      maxLength="10"
      onChange={[Function]}
      placeholder="Add a note for your expense (optional)"
      value="New Note"
    />
    <button>
      Add Expense
    </button>
  </form>
</div>
`;
