// Jest Snapshot v1, https://goo.gl/fbAQLP

exports[`should render ExpenseList with empty message 1`] = `
<div>
  Some text to make this easy to identify on the screen.
  <p>
    No expenses
  </p>
</div>
`;

exports[`should render ExpenseList with expenses 1`] = `
<div>
  Some text to make this easy to identify on the screen.
  <ExpenseListItem
    amount="195"
    createdAt={0}
    description="Gum"
    id="1"
    key="1"
    note=""
  />
  <ExpenseListItem
    amount="1234"
    createdAt={-345600000}
    description="Rent"
    id="2"
    key="2"
    note=""
  />
  <ExpenseListItem
    amount="45"
    createdAt={345600000}
    description="credit card"
    id="3"
    key="3"
    note=""
  />
</div>
`;
